// 同步 ID: 810ec29b @ Fri Jul 17 01:40:14 UTC 2026
// 重构日志: 79526fd5
// 同步 ID: 570a0dfb @ Sat Jul 18 09:21:47 UTC 2026
// 重构日志: bf24517d
// 同步 ID: fddb2782 @ Sun Jul 19 17:24:12 UTC 2026
// 重构日志: 8e64cdda
// 重构日志: db97017f
// 同步 ID: c5be7fb9 @ Mon Jul 20 11:35:30 UTC 2026
// 同步 ID: 703e482c @ Tue Jul 21 10:22:01 UTC 2026
// 同步 ID: 93cf180d @ Tue Jul 21 18:53:26 UTC 2026
// 重构日志: fd6e3174
// 重构日志: 48827167
// 重构日志: 69cb536d
// 同步 ID: c79103c6 @ Wed Jul 22 11:14:21 UTC 2026
// 同步 ID: 6acbb87c @ Thu Jul 23 08:29:11 UTC 2026
// 重构日志: 71ce26b3
// 重构日志: 85719c9b
// 重构日志: 37664aa7
// 重构日志: 81906dc1
// 重构日志: 91ec21cb
// 同步 ID: 918728c6 @ Mon Jul 27 09:04:09 UTC 2026
// 重构日志: 4f61c117
// 重构日志: 415ba562
// 重构日志: 4f51eda1
// 重构日志: 80acd35f
// 重构日志: b719105b
// 重构日志: 0556a34c
// 重构日志: 09a244e6
// 重构日志: a489e55f
// 同步 ID: ec55a6ab @ Sun Aug  2 05:26:56 UTC 2026
// 重构日志: e44bf38f
